// Jest Snapshot v1, https://goo.gl/fbAQLP

exports[`NotFoundPage render NotFoundPage 1`] = `
<body>
  <div>
    <div
      class="container"
    >
      <div
        class="content"
      >
        <h2
          class="title"
        >
          Page Not Found
        </h2>
        <span
          class="icon"
        />
        <a
          href="/films"
        >
          <button
            class="homeButton"
          >
            GO BACK TO HOME
          </button>
        </a>
      </div>
    </div>
  </div>
</body>
`;
