// Jest Snapshot v1, https://goo.gl/fbAQLP

exports[`NotFoundPage render NotFoundPage 1`] = `
<body>
  <div>
    <div
      class="logo topLogo"
    >
      <span>
        netflix
      </span>
      roulette
    </div>
    <div
      class="container"
    >
      <div
        class="content"
      >
        <h2
          class="title"
        >
          Page Not Found
        </h2>
        <span
          class="icon"
        />
        <button
          class="homeButton"
        >
          GO BACK TO HOME
        </button>
      </div>
    </div>
    <footer>
      <div
        class="logo undefined"
      >
        <span>
          netflix
        </span>
        roulette
      </div>
    </footer>
  </div>
</body>
`;
